// Jest Snapshot v1, https://goo.gl/fbAQLP

exports[`<Footer /> should render static content correctly 1`] = `
<footer>
  <nav>
    <h5>
      Sitemap
    </h5>
    <div>
      <a
        href="/"
        onClick={[Function]}
      >
        Home
      </a>
    </div>
    <h5>
      Policies
    </h5>
    <div>
      <a
        href="/cookie"
        onClick={[Function]}
      >
        Cookie
      </a>
    </div>
    <div>
      <a
        href="/privacy"
        onClick={[Function]}
      >
        Privacy
      </a>
    </div>
  </nav>
</footer>
`;
